// Vitest Snapshot v1, https://vitest.dev/guide/snapshot.html

exports[`kAlendar > should render the component 1`] = `
"<section data-v-8fb2cd77="" class="k-alendar-wrapper-container">
  <header data-v-5a8624f4="" data-v-8fb2cd77="" class="k-alendar-header-container" view="calendar">
    <div data-v-5a8624f4="" class="left-buttons">
      <div data-v-5a8624f4="" class="navigation-buttons-group"><button data-v-11092de0="" data-v-5a8624f4="" type="button" class="k-alendar-navegation-prev">←</button><button data-v-f3d09f65="" data-v-5a8624f4="" type="button" class="k-alendar-navegation-left">→</button></div><button data-v-8f6b2986="" data-v-5a8624f4="" type="button" class="k-alendar-today-button">Hoy</button>
    </div>
    <div data-v-5a8624f4="" class="title-and-controls">
      <div data-v-5a8624f4="" class="center-title">
        <h2 data-v-5a8624f4="">agosto 2024</h2>
      </div>
      <div data-v-5a8624f4="" class="right-controls">
        <div data-v-86224488="" data-v-5a8624f4="" class="k-view-selector-container"><button data-v-86224488="" class="k-view-selector-button k-view-selector-button-active">Mes</button><button data-v-86224488="" class="k-view-selector-button">Día</button><button data-v-86224488="" class="k-view-selector-button">Lista</button></div>
      </div>
    </div>
  </header>
  <div data-v-4b920447="" data-v-bd1c2d72="" class="k-alendar-days-container">
    <div data-v-4b920447="" class="">lun</div>
    <div data-v-4b920447="" class="">mar</div>
    <div data-v-4b920447="" class="">mié</div>
    <div data-v-4b920447="" class="">jue</div>
    <div data-v-4b920447="" class="">vie</div>
    <div data-v-4b920447="" class="">sáb</div>
    <div data-v-4b920447="" class="">dom</div>
  </div>
  <div data-v-bd1c2d72="" class="k-alendar-container">
    <div data-v-bd1c2d72="" class="other-month-date date">
      <div data-v-bd1c2d72="" class="k-alendar-span-container"><span data-v-bd1c2d72="" class="k-alendar-text">29</span>
        <!--v-if-->
      </div>
      <!--v-if-->
    </div>
    <div data-v-bd1c2d72="" class="other-month-date date">
      <div data-v-bd1c2d72="" class="k-alendar-span-container"><span data-v-bd1c2d72="" class="k-alendar-text">30</span>
        <!--v-if-->
      </div>
      <!--v-if-->
    </div>
    <div data-v-bd1c2d72="" class="other-month-date date">
      <div data-v-bd1c2d72="" class="k-alendar-span-container"><span data-v-bd1c2d72="" class="k-alendar-text">31</span>
        <!--v-if-->
      </div>
      <!--v-if-->
    </div>
    <div data-v-bd1c2d72="" class="date">
      <div data-v-bd1c2d72="" class="k-alendar-span-container"><span data-v-bd1c2d72="" class="k-alendar-text">1</span>
        <!--v-if-->
      </div>
      <!--v-if-->
    </div>
    <div data-v-bd1c2d72="" class="date">
      <div data-v-bd1c2d72="" class="k-alendar-span-container"><span data-v-bd1c2d72="" class="k-alendar-text">2</span>
        <!--v-if-->
      </div>
      <!--v-if-->
    </div>
    <div data-v-bd1c2d72="" class="date">
      <div data-v-bd1c2d72="" class="k-alendar-span-container"><span data-v-bd1c2d72="" class="k-alendar-text">3</span>
        <!--v-if-->
      </div>
      <!--v-if-->
    </div>
    <div data-v-bd1c2d72="" class="date">
      <div data-v-bd1c2d72="" class="k-alendar-span-container"><span data-v-bd1c2d72="" class="k-alendar-text">4</span>
        <!--v-if-->
      </div>
      <!--v-if-->
    </div>
    <div data-v-bd1c2d72="" class="date">
      <div data-v-bd1c2d72="" class="k-alendar-span-container"><span data-v-bd1c2d72="" class="k-alendar-text">5</span>
        <!--v-if-->
      </div>
      <!--v-if-->
    </div>
    <div data-v-bd1c2d72="" class="date">
      <div data-v-bd1c2d72="" class="k-alendar-span-container"><span data-v-bd1c2d72="" class="k-alendar-text">6</span>
        <!--v-if-->
      </div>
      <!--v-if-->
    </div>
    <div data-v-bd1c2d72="" class="date">
      <div data-v-bd1c2d72="" class="k-alendar-span-container"><span data-v-bd1c2d72="" class="k-alendar-text">7</span>
        <!--v-if-->
      </div>
      <!--v-if-->
    </div>
    <div data-v-bd1c2d72="" class="date">
      <div data-v-bd1c2d72="" class="k-alendar-span-container"><span data-v-bd1c2d72="" class="k-alendar-text">8</span>
        <!--v-if-->
      </div>
      <!--v-if-->
    </div>
    <div data-v-bd1c2d72="" class="date">
      <div data-v-bd1c2d72="" class="k-alendar-span-container"><span data-v-bd1c2d72="" class="k-alendar-text">9</span>
        <!--v-if-->
      </div>
      <!--v-if-->
    </div>
    <div data-v-bd1c2d72="" class="date">
      <div data-v-bd1c2d72="" class="k-alendar-span-container"><span data-v-bd1c2d72="" class="k-alendar-text">10</span>
        <!--v-if-->
      </div>
      <!--v-if-->
    </div>
    <div data-v-bd1c2d72="" class="date">
      <div data-v-bd1c2d72="" class="k-alendar-span-container"><span data-v-bd1c2d72="" class="k-alendar-text">11</span>
        <!--v-if-->
      </div>
      <!--v-if-->
    </div>
    <div data-v-bd1c2d72="" class="date">
      <div data-v-bd1c2d72="" class="k-alendar-span-container"><span data-v-bd1c2d72="" class="k-alendar-text">12</span>
        <!--v-if-->
      </div>
      <!--v-if-->
    </div>
    <div data-v-bd1c2d72="" class="date">
      <div data-v-bd1c2d72="" class="k-alendar-span-container"><span data-v-bd1c2d72="" class="k-alendar-text">13</span>
        <!--v-if-->
      </div>
      <!--v-if-->
    </div>
    <div data-v-bd1c2d72="" class="date">
      <div data-v-bd1c2d72="" class="k-alendar-span-container"><span data-v-bd1c2d72="" class="k-alendar-text">14</span>
        <!--v-if-->
      </div>
      <!--v-if-->
    </div>
    <div data-v-bd1c2d72="" class="date">
      <div data-v-bd1c2d72="" class="k-alendar-span-container"><span data-v-bd1c2d72="" class="k-alendar-text">15</span><span data-v-bd1c2d72="" class="point"></span></div>
      <div data-v-bd1c2d72="" class="events">
        <ul data-v-bd1c2d72="">
          <li data-v-bea810c7="" data-v-bd1c2d72="" style="background-color: gray;">
            <h3 data-v-bea810c7="">+3</h3>
          </li>
        </ul>
      </div>
    </div>
    <div data-v-bd1c2d72="" class="date">
      <div data-v-bd1c2d72="" class="k-alendar-span-container"><span data-v-bd1c2d72="" class="k-alendar-text">16</span><span data-v-bd1c2d72="" class="point"></span></div>
      <div data-v-bd1c2d72="" class="events">
        <ul data-v-bd1c2d72="">
          <li data-v-bea810c7="" data-v-bd1c2d72="" style="background-color: gray;">
            <h3 data-v-bea810c7="">+3</h3>
          </li>
        </ul>
      </div>
    </div>
    <div data-v-bd1c2d72="" class="date">
      <div data-v-bd1c2d72="" class="k-alendar-span-container"><span data-v-bd1c2d72="" class="k-alendar-text">17</span>
        <!--v-if-->
      </div>
      <!--v-if-->
    </div>
    <div data-v-bd1c2d72="" class="date">
      <div data-v-bd1c2d72="" class="k-alendar-span-container"><span data-v-bd1c2d72="" class="k-alendar-text">18</span>
        <!--v-if-->
      </div>
      <!--v-if-->
    </div>
    <div data-v-bd1c2d72="" class="date">
      <div data-v-bd1c2d72="" class="k-alendar-span-container"><span data-v-bd1c2d72="" class="k-alendar-text">19</span>
        <!--v-if-->
      </div>
      <!--v-if-->
    </div>
    <div data-v-bd1c2d72="" class="date">
      <div data-v-bd1c2d72="" class="k-alendar-span-container"><span data-v-bd1c2d72="" class="k-alendar-text">20</span>
        <!--v-if-->
      </div>
      <!--v-if-->
    </div>
    <div data-v-bd1c2d72="" class="selected date">
      <div data-v-bd1c2d72="" class="k-alendar-span-container"><span data-v-bd1c2d72="" class="k-alendar-text">21</span>
        <!--v-if-->
      </div>
      <!--v-if-->
    </div>
    <div data-v-bd1c2d72="" class="date">
      <div data-v-bd1c2d72="" class="k-alendar-span-container"><span data-v-bd1c2d72="" class="k-alendar-text">22</span>
        <!--v-if-->
      </div>
      <!--v-if-->
    </div>
    <div data-v-bd1c2d72="" class="date">
      <div data-v-bd1c2d72="" class="k-alendar-span-container"><span data-v-bd1c2d72="" class="k-alendar-text">23</span>
        <!--v-if-->
      </div>
      <!--v-if-->
    </div>
    <div data-v-bd1c2d72="" class="date">
      <div data-v-bd1c2d72="" class="k-alendar-span-container"><span data-v-bd1c2d72="" class="k-alendar-text">24</span>
        <!--v-if-->
      </div>
      <!--v-if-->
    </div>
    <div data-v-bd1c2d72="" class="date">
      <div data-v-bd1c2d72="" class="k-alendar-span-container"><span data-v-bd1c2d72="" class="k-alendar-text">25</span>
        <!--v-if-->
      </div>
      <!--v-if-->
    </div>
    <div data-v-bd1c2d72="" class="date">
      <div data-v-bd1c2d72="" class="k-alendar-span-container"><span data-v-bd1c2d72="" class="k-alendar-text">26</span>
        <!--v-if-->
      </div>
      <!--v-if-->
    </div>
    <div data-v-bd1c2d72="" class="date">
      <div data-v-bd1c2d72="" class="k-alendar-span-container"><span data-v-bd1c2d72="" class="k-alendar-text">27</span>
        <!--v-if-->
      </div>
      <!--v-if-->
    </div>
    <div data-v-bd1c2d72="" class="date">
      <div data-v-bd1c2d72="" class="k-alendar-span-container"><span data-v-bd1c2d72="" class="k-alendar-text">28</span>
        <!--v-if-->
      </div>
      <!--v-if-->
    </div>
    <div data-v-bd1c2d72="" class="date">
      <div data-v-bd1c2d72="" class="k-alendar-span-container"><span data-v-bd1c2d72="" class="k-alendar-text">29</span>
        <!--v-if-->
      </div>
      <!--v-if-->
    </div>
    <div data-v-bd1c2d72="" class="date">
      <div data-v-bd1c2d72="" class="k-alendar-span-container"><span data-v-bd1c2d72="" class="k-alendar-text">30</span>
        <!--v-if-->
      </div>
      <!--v-if-->
    </div>
    <div data-v-bd1c2d72="" class="date">
      <div data-v-bd1c2d72="" class="k-alendar-span-container"><span data-v-bd1c2d72="" class="k-alendar-text">31</span>
        <!--v-if-->
      </div>
      <!--v-if-->
    </div>
    <div data-v-bd1c2d72="" class="other-month-date date">
      <div data-v-bd1c2d72="" class="k-alendar-span-container"><span data-v-bd1c2d72="" class="k-alendar-text">1</span>
        <!--v-if-->
      </div>
      <!--v-if-->
    </div>
  </div>
  <!--v-if-->
</section>"
`;
