// Vitest Snapshot v1, https://vitest.dev/guide/snapshot.html

exports[`KDayView > should render the component 1`] = `
"<div data-v-d90c37db="" class="k-day-view-container">
  <div data-v-4b920447="" data-v-d90c37db="" class="k-alendar-days-container">
    <div data-v-4b920447="" class="k-alendar-day">Mon</div>
    <div data-v-4b920447="" class="k-alendar-day">Tue</div>
    <div data-v-4b920447="" class="k-alendar-day">Wed</div>
    <div data-v-4b920447="" class="k-alendar-day today">Thu</div>
    <div data-v-4b920447="" class="k-alendar-day">Fri</div>
    <div data-v-4b920447="" class="k-alendar-day">Sat</div>
    <div data-v-4b920447="" class="k-alendar-day">Sun</div>
  </div>
  <section data-v-d90c37db="" class="k-day-view-events">
    <div data-v-d90c37db="" class="k-day-view-hour">
      <div data-v-d90c37db="" class="k-day-view-hour-slot">
        <h2 data-v-d90c37db="">12:00 AM</h2>
      </div>
      <div data-v-d90c37db="" class="k-day-view-hour-slot">
        <h2 data-v-d90c37db="">01:00 AM</h2>
      </div>
      <div data-v-d90c37db="" class="k-day-view-hour-slot">
        <h2 data-v-d90c37db="">02:00 AM</h2>
      </div>
      <div data-v-d90c37db="" class="k-day-view-hour-slot">
        <h2 data-v-d90c37db="">03:00 AM</h2>
      </div>
      <div data-v-d90c37db="" class="k-day-view-hour-slot">
        <h2 data-v-d90c37db="">04:00 AM</h2>
      </div>
      <div data-v-d90c37db="" class="k-day-view-hour-slot">
        <h2 data-v-d90c37db="">05:00 AM</h2>
      </div>
      <div data-v-d90c37db="" class="k-day-view-hour-slot">
        <h2 data-v-d90c37db="">06:00 AM</h2>
      </div>
      <div data-v-d90c37db="" class="k-day-view-hour-slot">
        <h2 data-v-d90c37db="">07:00 AM</h2>
      </div>
      <div data-v-d90c37db="" class="k-day-view-hour-slot">
        <h2 data-v-d90c37db="">08:00 AM</h2>
      </div>
      <div data-v-d90c37db="" class="k-day-view-hour-slot">
        <h2 data-v-d90c37db="">09:00 AM</h2>
      </div>
      <div data-v-d90c37db="" class="k-day-view-hour-slot">
        <h2 data-v-d90c37db="">10:00 AM</h2>
      </div>
      <div data-v-d90c37db="" class="k-day-view-hour-slot">
        <h2 data-v-d90c37db="">11:00 AM</h2>
      </div>
      <div data-v-d90c37db="" class="k-day-view-hour-slot">
        <h2 data-v-d90c37db="">12:00 PM</h2>
      </div>
      <div data-v-d90c37db="" class="k-day-view-hour-slot">
        <h2 data-v-d90c37db="">01:00 PM</h2>
      </div>
      <div data-v-d90c37db="" class="k-day-view-hour-slot">
        <h2 data-v-d90c37db="">02:00 PM</h2>
      </div>
      <div data-v-d90c37db="" class="k-day-view-hour-slot">
        <h2 data-v-d90c37db="">03:00 PM</h2>
      </div>
      <div data-v-d90c37db="" class="k-day-view-hour-slot">
        <h2 data-v-d90c37db="">04:00 PM</h2>
      </div>
      <div data-v-d90c37db="" class="k-day-view-hour-slot">
        <h2 data-v-d90c37db="">05:00 PM</h2>
      </div>
      <div data-v-d90c37db="" class="k-day-view-hour-slot">
        <h2 data-v-d90c37db="">06:00 PM</h2>
      </div>
      <div data-v-d90c37db="" class="k-day-view-hour-slot">
        <h2 data-v-d90c37db="">07:00 PM</h2>
      </div>
      <div data-v-d90c37db="" class="k-day-view-hour-slot">
        <h2 data-v-d90c37db="">08:00 PM</h2>
      </div>
      <div data-v-d90c37db="" class="k-day-view-hour-slot">
        <h2 data-v-d90c37db="">09:00 PM</h2>
      </div>
      <div data-v-d90c37db="" class="k-day-view-hour-slot">
        <h2 data-v-d90c37db="">10:00 PM</h2>
      </div>
      <div data-v-d90c37db="" class="k-day-view-hour-slot">
        <h2 data-v-d90c37db="">11:00 PM</h2>
      </div>
    </div>
    <div data-v-d90c37db="" class="k-day-view-events-container">
      <div data-v-d90c37db="" class="k-day-view-event-slot" calendar-hour-container="12:00 AM"></div>
      <div data-v-d90c37db="" class="k-day-view-event-slot" calendar-hour-container="01:00 AM"></div>
      <div data-v-d90c37db="" class="k-day-view-event-slot" calendar-hour-container="02:00 AM">
        <div data-v-d90c37db="" class="k-day-view-event-item" style="background-color: rgb(251, 191, 36); top: 50%; left: 0px; width: calc(100% - 0px); height: 100%; z-index: 10;">
          <h3 data-v-d90c37db="" class="k-day-view-event-title">Parque central de La Palma, Chalatenango. (IGG-3519)</h3>
          <p data-v-d90c37db="" class="k-day-view-event-time">02:30 AM</p>
        </div>
      </div>
      <div data-v-d90c37db="" class="k-day-view-event-slot" calendar-hour-container="03:00 AM"></div>
      <div data-v-d90c37db="" class="k-day-view-event-slot" calendar-hour-container="04:00 AM"></div>
      <div data-v-d90c37db="" class="k-day-view-event-slot" calendar-hour-container="05:00 AM">
        <div data-v-d90c37db="" class="k-day-view-event-item" style="background-color: rgb(251, 191, 36); top: 0%; left: 0px; width: calc(100% - 0px); height: 100%; z-index: 10;">
          <h3 data-v-d90c37db="" class="k-day-view-event-title">MRHQ+G9 Soyapango, El Salvador (IGG-3519)</h3>
          <p data-v-d90c37db="" class="k-day-view-event-time">05:00 AM</p>
        </div>
        <div data-v-d90c37db="" class="k-day-view-event-item" style="background-color: rgb(128, 121, 0); top: 50%; left: 70px; width: calc(100% - 70px); height: 100%; z-index: 11;">
          <h3 data-v-d90c37db="" class="k-day-view-event-title">MRHQ+G9 Soyapango, El Salvador 2 (IGG-3519)</h3>
          <p data-v-d90c37db="" class="k-day-view-event-time">05:30 AM</p>
        </div>
        <div data-v-d90c37db="" class="k-day-view-event-item" style="background-color: rgb(23, 80, 0); top: 75%; left: 140px; width: calc(100% - 140px); height: 300%; z-index: 12;">
          <h3 data-v-d90c37db="" class="k-day-view-event-title">Soyapango, El Salvador</h3>
          <p data-v-d90c37db="" class="k-day-view-event-time">05:45 AM - 08:45 AM</p>
        </div>
      </div>
      <div data-v-d90c37db="" class="k-day-view-event-slot" calendar-hour-container="06:00 AM">
        <div data-v-d90c37db="" class="k-day-view-event-item" style="background-color: rgb(0, 128, 128); top: 0%; left: 0px; width: calc(100% - 0px); height: 100%; z-index: 10;">
          <h3 data-v-d90c37db="" class="k-day-view-event-title">Aereopuerto, El Salvador</h3>
          <p data-v-d90c37db="" class="k-day-view-event-time">06:00 AM</p>
        </div>
      </div>
      <div data-v-d90c37db="" class="k-day-view-event-slot" calendar-hour-container="07:00 AM"></div>
      <div data-v-d90c37db="" class="k-day-view-event-slot" calendar-hour-container="08:00 AM"></div>
      <div data-v-d90c37db="" class="k-day-view-event-slot" calendar-hour-container="09:00 AM"></div>
      <div data-v-d90c37db="" class="k-day-view-event-slot" calendar-hour-container="10:00 AM"></div>
      <div data-v-d90c37db="" class="k-day-view-event-slot" calendar-hour-container="11:00 AM"></div>
      <div data-v-d90c37db="" class="k-day-view-event-slot" calendar-hour-container="12:00 PM"></div>
      <div data-v-d90c37db="" class="k-day-view-event-slot" calendar-hour-container="01:00 PM"></div>
      <div data-v-d90c37db="" class="k-day-view-event-slot" calendar-hour-container="02:00 PM">
        <div data-v-d90c37db="" class="k-day-view-event-item" style="background-color: rgb(0, 128, 128); top: 0%; left: 0px; width: calc(100% - 0px); height: 625%; z-index: 10;">
          <h3 data-v-d90c37db="" class="k-day-view-event-title">Parque central de La Palma, Chalatenango.</h3>
          <p data-v-d90c37db="" class="k-day-view-event-time">02:00 PM - 08:15 PM</p>
        </div>
      </div>
      <div data-v-d90c37db="" class="k-day-view-event-slot" calendar-hour-container="03:00 PM"></div>
      <div data-v-d90c37db="" class="k-day-view-event-slot" calendar-hour-container="04:00 PM"></div>
      <div data-v-d90c37db="" class="k-day-view-event-slot" calendar-hour-container="05:00 PM"></div>
      <div data-v-d90c37db="" class="k-day-view-event-slot" calendar-hour-container="06:00 PM"></div>
      <div data-v-d90c37db="" class="k-day-view-event-slot" calendar-hour-container="07:00 PM"></div>
      <div data-v-d90c37db="" class="k-day-view-event-slot" calendar-hour-container="08:00 PM"></div>
      <div data-v-d90c37db="" class="k-day-view-event-slot" calendar-hour-container="09:00 PM"></div>
      <div data-v-d90c37db="" class="k-day-view-event-slot" calendar-hour-container="10:00 PM"></div>
      <div data-v-d90c37db="" class="k-day-view-event-slot" calendar-hour-container="11:00 PM"></div>
    </div>
  </section>
</div>"
`;
